  Neko.cpp
c:\users\penchev\downloads\neko98\neko98-master\neko98\neko.cpp(62): warning C4996: 'strcpy': This function or variable may be unsafe. Consider using strcpy_s instead. To disable deprecation, use _CRT_SECURE_NO_WARNINGS. See online help for details.
  c:\program files (x86)\windows kits\10\include\10.0.17134.0\ucrt\string.h(133): note: see declaration of 'strcpy'
c:\users\penchev\downloads\neko98\neko98-master\neko98\neko.cpp(71): warning C4996: 'strcpy': This function or variable may be unsafe. Consider using strcpy_s instead. To disable deprecation, use _CRT_SECURE_NO_WARNINGS. See online help for details.
  c:\program files (x86)\windows kits\10\include\10.0.17134.0\ucrt\string.h(133): note: see declaration of 'strcpy'
c:\users\penchev\downloads\neko98\neko98-master\neko98\neko.cpp(72): warning C4996: 'strcpy': This function or variable may be unsafe. Consider using strcpy_s instead. To disable deprecation, use _CRT_SECURE_NO_WARNINGS. See online help for details.
  c:\program files (x86)\windows kits\10\include\10.0.17134.0\ucrt\string.h(133): note: see declaration of 'strcpy'
c:\users\penchev\downloads\neko98\neko98-master\neko98\neko.cpp(73): warning C4996: 'strcpy': This function or variable may be unsafe. Consider using strcpy_s instead. To disable deprecation, use _CRT_SECURE_NO_WARNINGS. See online help for details.
  c:\program files (x86)\windows kits\10\include\10.0.17134.0\ucrt\string.h(133): note: see declaration of 'strcpy'
c:\users\penchev\downloads\neko98\neko98-master\neko98\neko.cpp(74): warning C4996: 'strcpy': This function or variable may be unsafe. Consider using strcpy_s instead. To disable deprecation, use _CRT_SECURE_NO_WARNINGS. See online help for details.
  c:\program files (x86)\windows kits\10\include\10.0.17134.0\ucrt\string.h(133): note: see declaration of 'strcpy'
c:\users\penchev\downloads\neko98\neko98-master\neko98\neko.cpp(75): warning C4996: 'strcpy': This function or variable may be unsafe. Consider using strcpy_s instead. To disable deprecation, use _CRT_SECURE_NO_WARNINGS. See online help for details.
  c:\program files (x86)\windows kits\10\include\10.0.17134.0\ucrt\string.h(133): note: see declaration of 'strcpy'
c:\users\penchev\downloads\neko98\neko98-master\neko98\neko.cpp(81): warning C4996: 'strcpy': This function or variable may be unsafe. Consider using strcpy_s instead. To disable deprecation, use _CRT_SECURE_NO_WARNINGS. See online help for details.
  c:\program files (x86)\windows kits\10\include\10.0.17134.0\ucrt\string.h(133): note: see declaration of 'strcpy'
c:\users\penchev\downloads\neko98\neko98-master\neko98\neko.cpp(84): warning C4996: 'strcat': This function or variable may be unsafe. Consider using strcat_s instead. To disable deprecation, use _CRT_SECURE_NO_WARNINGS. See online help for details.
  c:\program files (x86)\windows kits\10\include\10.0.17134.0\ucrt\string.h(90): note: see declaration of 'strcat'
c:\users\penchev\downloads\neko98\neko98-master\neko98\neko.cpp(85): warning C4996: 'strcat': This function or variable may be unsafe. Consider using strcat_s instead. To disable deprecation, use _CRT_SECURE_NO_WARNINGS. See online help for details.
  c:\program files (x86)\windows kits\10\include\10.0.17134.0\ucrt\string.h(90): note: see declaration of 'strcat'
c:\users\penchev\downloads\neko98\neko98-master\neko98\neko.cpp(135): warning C4311: 'type cast': pointer truncation from 'HICON' to 'int'
c:\users\penchev\downloads\neko98\neko98-master\neko98\neko.cpp(135): warning C4302: 'type cast': truncation from 'HICON' to 'int'
c:\users\penchev\downloads\neko98\neko98-master\neko98\neko.cpp(490): warning C4311: 'type cast': pointer truncation from 'HICON' to 'UINT'
c:\users\penchev\downloads\neko98\neko98-master\neko98\neko.cpp(490): warning C4302: 'type cast': truncation from 'HICON' to 'UINT'
  Neko98.cpp
c:\users\penchev\downloads\neko98\neko98-master\neko98\neko98.cpp(32): warning C4311: 'type cast': pointer truncation from 'HINSTANCE' to 'int'
c:\users\penchev\downloads\neko98\neko98-master\neko98\neko98.cpp(32): warning C4302: 'type cast': truncation from 'HINSTANCE' to 'int'
c:\users\penchev\downloads\neko98\neko98-master\neko98\neko98.cpp(69): warning C4996: 'sprintf': This function or variable may be unsafe. Consider using sprintf_s instead. To disable deprecation, use _CRT_SECURE_NO_WARNINGS. See online help for details.
  c:\program files (x86)\windows kits\10\include\10.0.17134.0\ucrt\stdio.h(1774): note: see declaration of 'sprintf'
c:\users\penchev\downloads\neko98\neko98-master\neko98\neko98.cpp(245): warning C4244: 'return': conversion from 'WPARAM' to 'int', possible loss of data
  Tray.cpp
c:\users\penchev\downloads\neko98\neko98-master\neko98\tray.cpp(25): warning C4996: 'strncpy': This function or variable may be unsafe. Consider using strncpy_s instead. To disable deprecation, use _CRT_SECURE_NO_WARNINGS. See online help for details.
  c:\program files (x86)\windows kits\10\include\10.0.17134.0\ucrt\string.h(338): note: see declaration of 'strncpy'
  Generating Code...
C:\Program Files (x86)\Microsoft Visual Studio\2017\Community\Common7\IDE\VC\VCTargets\Microsoft.CppBuild.targets(1216,5): warning MSB8012: TargetPath(C:\Users\Penchev\Downloads\Neko98\neko98-master\Neko98\x64\Release\Neko98.exe) does not match the Linker's OutputFile property value (C:\Users\Penchev\Downloads\Neko98\neko98-master\Neko98\Release\Neko98.exe). This may cause your project to build incorrectly. To correct this, please make sure that $(OutDir), $(TargetName) and $(TargetExt) property values match the value specified in %(Link.OutputFile).
  Neko98.vcxproj -> C:\Users\Penchev\Downloads\Neko98\neko98-master\Neko98\x64\Release\Neko98.exe
